
> onering@0.1.0 test C:\Users\hazar\onering
> vitest "--" "--run"

pnpm : [33mThe CJS build of Vite's Node API is deprecated. See 
https://vite.dev/guide/troubleshooting.html#vite-cjs-node-api-deprecated for more details.[39m
At line:1 char:1
+ pnpm test -- --run 2>&1 | tee test-output.txt
+ ~~~~~~~~~~~~~~~~~~~~~~~
    + CategoryInfo          : NotSpecified: ([33mThe CJS bu...e details.[39m:String) [], RemoteException
    + FullyQualifiedErrorId : NativeCommandError
 

[1m[7m[36m RUN [39m[27m[22m [36mv2.1.9 [39m[90mC:/Users/hazar/onering[39m

 [32mΓ£ô[39m src/__tests__/momentum.spec.ts [2m([22m[2m15 tests[22m[2m)[22m[90m 23[2mms[22m[39m
 [32mΓ£ô[39m src/__tests__/coach.spec.ts [2m([22m[2m14 tests[22m[2m)[22m[90m 19[2mms[22m[39m
 [32mΓ£ô[39m src/__tests__/profile.spec.ts [2m([22m[2m22 tests[22m[2m)[22m[90m 29[2mms[22m[39m
 [32mΓ£ô[39m src/__tests__/contracts.spec.ts [2m([22m[2m3 tests[22m[2m)[22m[90m 5[2mms[22m[39m
 [32mΓ£ô[39m src/__tests__/no-network.spec.ts [2m([22m[2m1 test[22m[2m)[22m[33m 1037[2mms[22m[39m
   [33m[2mΓ£ô[22m[39m No network calls on route import[2m > [22mimports route modules without side effects [33m1035[2mms[22m[39m

[2m Test Files [22m [1m[32m5 passed[39m[22m[90m (5)[39m
[2m      Tests [22m [1m[32m55 passed[39m[22m[90m (55)[39m
[2m   Start at [22m 14:47:59
[2m   Duration [22m 1.91s[2m (transform 552ms, setup 0ms, collect 1.50s, tests 1.11s, environment 1ms, prepare 1.17s)[22m

